// Jest Snapshot v1, https://goo.gl/fbAQLP

exports[`Autosuggest Word By Definition should render 1`] = `
<renderAutosuggestField
  getSuggestionValue={[Function]}
  getSuggestions={[MockFunction]}
  input={
    Object {
      "onChange": [MockFunction],
    }
  }
  meta={Object {}}
  renderSuggestion={[Function]}
  type="text"
>
  <div
    className="autosuggestField"
  >
    <label />
    <div
      className="autosuggestFieldBody"
    >
      <Autosuggest
        alwaysRenderSuggestions={false}
        focusInputOnSuggestionClick={true}
        getSuggestionValue={[Function]}
        highlightFirstSuggestion={false}
        id="1"
        inputProps={
          Object {
            "onChange": [Function],
            "placeholder": undefined,
            "type": "text",
            "value": "",
          }
        }
        multiSection={false}
        onSuggestionSelected={[Function]}
        onSuggestionsClearRequested={[Function]}
        onSuggestionsFetchRequested={[Function]}
        renderSuggestion={[Function]}
        renderSuggestionsContainer={[Function]}
        shouldRenderSuggestions={[Function]}
        suggestions={Array []}
        theme={null}
      >
        <Autowhatever
          getSectionItems={[Function]}
          highlightedItemIndex={null}
          highlightedSectionIndex={null}
          id="1"
          inputProps={
            Object {
              "onBlur": [Function],
              "onChange": [Function],
              "onFocus": [Function],
              "onKeyDown": [Function],
              "placeholder": undefined,
              "type": "text",
              "value": "",
            }
          }
          itemProps={[Function]}
          items={Array []}
          multiSection={false}
          renderInputComponent={[Function]}
          renderItem={[Function]}
          renderItemData={
            Object {
              "query": "",
            }
          }
          renderItemsContainer={[Function]}
          renderSectionTitle={[Function]}
          theme={Object {}}
        >
          <div
            aria-expanded={false}
            aria-haspopup="listbox"
            aria-owns="react-autowhatever-1"
            key="react-autowhatever-1-container"
            role="combobox"
            style={Object {}}
          >
            <input
              aria-activedescendant={null}
              aria-autocomplete="list"
              aria-controls="react-autowhatever-1"
              autoComplete="off"
              key="react-autowhatever-1-input"
              onBlur={[Function]}
              onChange={[Function]}
              onFocus={[Function]}
              onKeyDown={[Function]}
              style={Object {}}
              type="text"
              value=""
            />
            <div
              id="react-autowhatever-1"
              key="react-autowhatever-1-items-container"
              role="listbox"
              style={Object {}}
            />
          </div>
        </Autowhatever>
      </Autosuggest>
    </div>
  </div>
</renderAutosuggestField>
`;
